// Jest Snapshot v1, https://goo.gl/fbAQLP

exports[`matches snapshot 1`] = `
<div>
  <div />
  <br />
  <NewBoxForm
    addNewBox={[Function]}
  />
</div>
`;
