// Jest Snapshot v1, https://goo.gl/fbAQLP

exports[`matches snapshot 1`] = `
<form
  onSubmit={[Function]}
>
  <label
    htmlFor="height"
  >
    Height (in px):
  </label>
  <input
    id="height"
    name="height"
    onChange={[Function]}
    value=""
  />
  <label
    htmlFor="width"
  >
    Width (in px):
  </label>
  <input
    id="width"
    name="width"
    onChange={[Function]}
    value=""
  />
  <label
    htmlFor="backgroundColor"
  >
    BackgroundColor:
  </label>
  <input
    id="backgroundColor"
    name="backgroundColor"
    onChange={[Function]}
    value=""
  />
  <button>
    Add box!
  </button>
</form>
`;
